======================================================================
LATTICE SIMULATION LOG
Started: 2026-07-09 18:36:19
Log file: logs/simulation_20260709_183619.log
======================================================================

Numba Configuration:
  Version: 0.59.0
  Threading layer: default
  Configured threads: 11
  Active threads: 11

Potential type: V_correct  (coeffs: boson=20.0, fermion=20.0)
Complex field simulation (two-component: phi1 + i*phi2)
Pure U(1) symmetry (no Z_N breaking)
----------------------------------------------------------------------

*** param_set=set8: lam=1e-24, eta_phys=T0=1230, dx_phys=0.001, dt_phys=0.0001, DEL_V=2.5000e+35, no gradient-flow pre-relax ***


Time step: dt_phys = 1.00e-04, dt (rescaled) = 1.0000e-01
  CFL limit: dt_CFL = 0.5774 (rescaled)
  dt/dt_CFL = 1.7321e-01 (SAFE)

Hubble expansion: ENABLED (comoving lattice)
  g_* = 106.75, M_Pl = 2.40e+18 GeV, ΔV = 2.50e+35 GeV^4
  H² = (T⁴/χ_g² + ΔV) / (3 M_Pl²)
  H(T0=1230.0) = 1.2028e-01 GeV
  3H = 3.6085e-01 GeV
  η_phys = 1230.0 GeV  →  3H/η = 2.93e-04
  T(t) = T0 / a(t)  (entropy conservation)
  Initial a = 1.0
Field precision: float32
Tree-level VEV: ±1.0000e+15
Couplings: boson=1.09, fermion=1.09

Finding thermal VEV at T = 1230.0...
  V'(0) = 1.5382e-05
  V'(VEV) = -1.3107e+05
  Thermal VEV found: 1.0000e+15
  Ratio thermal/tree: 1.0000

Finding escape point...
  V'(1e-10) = 1.5382e-05
  V'(1e0)   = 1.5382e+05
  V'(1e5)   = -1.0000e+11
  V'(1e8)   = -1.0000e+14
  V'(1e10)  = -1.0000e+16
  Barrier found between 9.4425e+02 and 1.0119e+03
  Barrier top at: 9.9555e+02
  Escape point: 1.0951e+03
  V'(escape) = -2.8790e+07 (should be < 0)

Using TREE-LEVEL VEV for seeding: 1.0000e+15
The bubble is seeded at the true vacuum (no rolling needed).
IC: CosmoLattice ic_numba parity (phi1,phi2 = 0.01*randn GeV)
Bubble seeding: DISABLED (thermal nucleation only)
Field states will be saved to: data/lattice/set8/256x256x256_T0_1230_complex_dx_0.001_dtphys_0.0001_interval_4000_3D_hubble_eta_1230_gb_1.09_gf_1.09_nb_20_nf_20_rk2_fused_inline_V_correct/field_states
Figures will be saved to: data/lattice/set8/256x256x256_T0_1230_complex_dx_0.001_dtphys_0.0001_interval_4000_3D_hubble_eta_1230_gb_1.09_gf_1.09_nb_20_nf_20_rk2_fused_inline_V_correct/figs/latticeSnapshot

============================================================
Starting time evolution...
Grid: 256×256×256, Steps: 6000, dt: 1.00e-01
Integrator: rk2_fused_inline
Using Vprime lookup table: False (size=16384)
Using in-kernel RNG: True
Field precision: float32
Spline resolution N_Y: 256
Bubble seeding: DISABLED
Thermal noise: ENABLED (FDT noise_scale(T0) = 5.5007e+02)
Overdamped mode: DISABLED (η = 1230.0)
Hubble expansion: ENABLED
  H(T0) = 1.2028e-01 GeV, 3H/η = 2.93e-04
  g_* = 106.75, M_Pl = 2.40e+18 GeV
============================================================

Warming up JIT compilation...
JIT warmup complete.
Starting main loop...

Dense snapshots: enabled (threshold=50000.0, interval=20)
Step 0/6000 | t=0.00e+00 | T=1230.0 | a=1.000012 | H=1.20e-01 | 1.8 steps/s | 546.59 ms/step | ETA: 54.7 min

*** phi threshold exceeded: max|phi|=50113.1 > 50000.0
*** Switching to dense snapshots: every 20 steps

Step 2740/6000 | t=2.74e-01 | T=1190.1 | a=1.033519 | H=1.20e-01 | 1.6 steps/s | 626.36 ms/step | ETA: 34.0 min
Step 2760/6000 | t=2.76e-01 | T=1189.8 | a=1.033767 | H=1.20e-01 | 1.6 steps/s | 633.47 ms/step | ETA: 34.2 min
Step 2780/6000 | t=2.78e-01 | T=1189.6 | a=1.034016 | H=1.20e-01 | 1.6 steps/s | 640.62 ms/step | ETA: 34.4 min
Step 2800/6000 | t=2.80e-01 | T=1189.3 | a=1.034265 | H=1.20e-01 | 1.5 steps/s | 647.73 ms/step | ETA: 34.5 min
Step 2820/6000 | t=2.82e-01 | T=1189.0 | a=1.034514 | H=1.20e-01 | 1.5 steps/s | 655.21 ms/step | ETA: 34.7 min
Step 2840/6000 | t=2.84e-01 | T=1188.7 | a=1.034763 | H=1.20e-01 | 1.5 steps/s | 661.79 ms/step | ETA: 34.9 min
Step 2860/6000 | t=2.86e-01 | T=1188.4 | a=1.035012 | H=1.20e-01 | 1.5 steps/s | 668.82 ms/step | ETA: 35.0 min
Step 2880/6000 | t=2.88e-01 | T=1188.1 | a=1.035261 | H=1.20e-01 | 1.5 steps/s | 676.26 ms/step | ETA: 35.2 min
Step 2900/6000 | t=2.90e-01 | T=1187.8 | a=1.035510 | H=1.20e-01 | 1.5 steps/s | 682.93 ms/step | ETA: 35.3 min
Step 2920/6000 | t=2.92e-01 | T=1187.5 | a=1.035759 | H=1.20e-01 | 1.4 steps/s | 691.77 ms/step | ETA: 35.5 min
Step 2940/6000 | t=2.94e-01 | T=1187.3 | a=1.036008 | H=1.20e-01 | 1.4 steps/s | 698.30 ms/step | ETA: 35.6 min
Step 2960/6000 | t=2.96e-01 | T=1187.0 | a=1.036257 | H=1.20e-01 | 1.4 steps/s | 702.33 ms/step | ETA: 35.6 min
Step 2980/6000 | t=2.98e-01 | T=1186.7 | a=1.036507 | H=1.20e-01 | 1.4 steps/s | 706.94 ms/step | ETA: 35.6 min
Step 3000/6000 | t=3.00e-01 | T=1186.4 | a=1.036756 | H=1.20e-01 | 1.4 steps/s | 711.52 ms/step | ETA: 35.6 min
Step 3020/6000 | t=3.02e-01 | T=1186.1 | a=1.037005 | H=1.20e-01 | 1.4 steps/s | 717.29 ms/step | ETA: 35.6 min
Step 3040/6000 | t=3.04e-01 | T=1185.8 | a=1.037255 | H=1.20e-01 | 1.4 steps/s | 723.37 ms/step | ETA: 35.7 min
Step 3060/6000 | t=3.06e-01 | T=1185.6 | a=1.037504 | H=1.20e-01 | 1.4 steps/s | 728.78 ms/step | ETA: 35.7 min
Step 3080/6000 | t=3.08e-01 | T=1185.3 | a=1.037754 | H=1.20e-01 | 1.4 steps/s | 735.16 ms/step | ETA: 35.8 min
Step 3100/6000 | t=3.10e-01 | T=1185.0 | a=1.038004 | H=1.20e-01 | 1.4 steps/s | 740.74 ms/step | ETA: 35.8 min
Step 3120/6000 | t=3.12e-01 | T=1184.7 | a=1.038253 | H=1.20e-01 | 1.3 steps/s | 744.69 ms/step | ETA: 35.7 min
Step 3140/6000 | t=3.14e-01 | T=1184.4 | a=1.038503 | H=1.20e-01 | 1.3 steps/s | 749.70 ms/step | ETA: 35.7 min
Step 3160/6000 | t=3.16e-01 | T=1184.1 | a=1.038753 | H=1.20e-01 | 1.3 steps/s | 753.62 ms/step | ETA: 35.7 min
Step 3180/6000 | t=3.18e-01 | T=1183.8 | a=1.039003 | H=1.20e-01 | 1.3 steps/s | 757.11 ms/step | ETA: 35.6 min
Step 3200/6000 | t=3.20e-01 | T=1183.6 | a=1.039253 | H=1.20e-01 | 1.3 steps/s | 760.58 ms/step | ETA: 35.5 min
Step 3220/6000 | t=3.22e-01 | T=1183.3 | a=1.039503 | H=1.20e-01 | 1.3 steps/s | 763.69 ms/step | ETA: 35.4 min
Step 3240/6000 | t=3.24e-01 | T=1183.0 | a=1.039753 | H=1.20e-01 | 1.3 steps/s | 766.97 ms/step | ETA: 35.3 min
Step 3260/6000 | t=3.26e-01 | T=1182.7 | a=1.040003 | H=1.20e-01 | 1.3 steps/s | 769.74 ms/step | ETA: 35.2 min
Step 3280/6000 | t=3.28e-01 | T=1182.4 | a=1.040253 | H=1.20e-01 | 1.3 steps/s | 772.66 ms/step | ETA: 35.0 min
Step 3300/6000 | t=3.30e-01 | T=1182.1 | a=1.040504 | H=1.20e-01 | 1.3 steps/s | 775.43 ms/step | ETA: 34.9 min
Step 3320/6000 | t=3.32e-01 | T=1181.8 | a=1.040754 | H=1.20e-01 | 1.3 steps/s | 778.13 ms/step | ETA: 34.8 min
Step 3340/6000 | t=3.34e-01 | T=1181.6 | a=1.041004 | H=1.20e-01 | 1.3 steps/s | 781.76 ms/step | ETA: 34.7 min
Step 3360/6000 | t=3.36e-01 | T=1181.3 | a=1.041255 | H=1.20e-01 | 1.3 steps/s | 784.23 ms/step | ETA: 34.5 min
Step 3380/6000 | t=3.38e-01 | T=1181.0 | a=1.041505 | H=1.20e-01 | 1.3 steps/s | 786.46 ms/step | ETA: 34.3 min
Step 3400/6000 | t=3.40e-01 | T=1180.7 | a=1.041756 | H=1.20e-01 | 1.3 steps/s | 788.78 ms/step | ETA: 34.2 min
Step 3420/6000 | t=3.42e-01 | T=1180.4 | a=1.042007 | H=1.20e-01 | 1.3 steps/s | 790.93 ms/step | ETA: 34.0 min
Step 3440/6000 | t=3.44e-01 | T=1180.1 | a=1.042257 | H=1.20e-01 | 1.3 steps/s | 792.83 ms/step | ETA: 33.8 min
Step 3460/6000 | t=3.46e-01 | T=1179.9 | a=1.042508 | H=1.20e-01 | 1.3 steps/s | 794.90 ms/step | ETA: 33.7 min
Step 3480/6000 | t=3.48e-01 | T=1179.6 | a=1.042759 | H=1.20e-01 | 1.3 steps/s | 796.63 ms/step | ETA: 33.5 min
Step 3500/6000 | t=3.50e-01 | T=1179.3 | a=1.043010 | H=1.20e-01 | 1.3 steps/s | 798.04 ms/step | ETA: 33.3 min
Step 3520/6000 | t=3.52e-01 | T=1179.0 | a=1.043261 | H=1.20e-01 | 1.3 steps/s | 799.58 ms/step | ETA: 33.0 min
Step 3540/6000 | t=3.54e-01 | T=1178.7 | a=1.043512 | H=1.20e-01 | 1.2 steps/s | 801.97 ms/step | ETA: 32.9 min
Step 3560/6000 | t=3.56e-01 | T=1178.4 | a=1.043763 | H=1.20e-01 | 1.2 steps/s | 803.46 ms/step | ETA: 32.7 min
Step 3580/6000 | t=3.58e-01 | T=1178.2 | a=1.044014 | H=1.20e-01 | 1.2 steps/s | 805.09 ms/step | ETA: 32.5 min
Step 3600/6000 | t=3.60e-01 | T=1177.9 | a=1.044265 | H=1.20e-01 | 1.2 steps/s | 806.63 ms/step | ETA: 32.3 min
Step 3620/6000 | t=3.62e-01 | T=1177.6 | a=1.044516 | H=1.20e-01 | 1.2 steps/s | 808.26 ms/step | ETA: 32.1 min
Step 3640/6000 | t=3.64e-01 | T=1177.3 | a=1.044768 | H=1.20e-01 | 1.2 steps/s | 809.97 ms/step | ETA: 31.9 min
Step 3660/6000 | t=3.66e-01 | T=1177.0 | a=1.045019 | H=1.20e-01 | 1.2 steps/s | 811.68 ms/step | ETA: 31.7 min
Step 3680/6000 | t=3.68e-01 | T=1176.7 | a=1.045270 | H=1.20e-01 | 1.2 steps/s | 813.30 ms/step | ETA: 31.4 min
Step 3700/6000 | t=3.70e-01 | T=1176.5 | a=1.045522 | H=1.20e-01 | 1.2 steps/s | 815.17 ms/step | ETA: 31.2 min
Step 3720/6000 | t=3.72e-01 | T=1176.2 | a=1.045773 | H=1.20e-01 | 1.2 steps/s | 816.89 ms/step | ETA: 31.0 min
Step 3740/6000 | t=3.74e-01 | T=1175.9 | a=1.046025 | H=1.20e-01 | 1.2 steps/s | 819.48 ms/step | ETA: 30.9 min
Step 3760/6000 | t=3.76e-01 | T=1175.6 | a=1.046277 | H=1.20e-01 | 1.2 steps/s | 821.29 ms/step | ETA: 30.7 min
Step 3780/6000 | t=3.78e-01 | T=1175.3 | a=1.046528 | H=1.20e-01 | 1.2 steps/s | 823.02 ms/step | ETA: 30.5 min
Step 3800/6000 | t=3.80e-01 | T=1175.0 | a=1.046780 | H=1.20e-01 | 1.2 steps/s | 824.86 ms/step | ETA: 30.2 min
Step 3820/6000 | t=3.82e-01 | T=1174.8 | a=1.047032 | H=1.20e-01 | 1.2 steps/s | 826.67 ms/step | ETA: 30.0 min
Step 3840/6000 | t=3.84e-01 | T=1174.5 | a=1.047284 | H=1.20e-01 | 1.2 steps/s | 828.44 ms/step | ETA: 29.8 min
Step 3860/6000 | t=3.86e-01 | T=1174.2 | a=1.047536 | H=1.20e-01 | 1.2 steps/s | 830.26 ms/step | ETA: 29.6 min
Step 3880/6000 | t=3.88e-01 | T=1173.9 | a=1.047788 | H=1.20e-01 | 1.2 steps/s | 832.23 ms/step | ETA: 29.4 min
Step 3900/6000 | t=3.90e-01 | T=1173.6 | a=1.048040 | H=1.20e-01 | 1.2 steps/s | 834.04 ms/step | ETA: 29.2 min
Step 3920/6000 | t=3.92e-01 | T=1173.4 | a=1.048292 | H=1.20e-01 | 1.2 steps/s | 835.90 ms/step | ETA: 29.0 min
Step 3940/6000 | t=3.94e-01 | T=1173.1 | a=1.048544 | H=1.20e-01 | 1.2 steps/s | 838.58 ms/step | ETA: 28.8 min
Step 3960/6000 | t=3.96e-01 | T=1172.8 | a=1.048797 | H=1.20e-01 | 1.2 steps/s | 840.54 ms/step | ETA: 28.6 min
Step 3980/6000 | t=3.98e-01 | T=1172.5 | a=1.049049 | H=1.20e-01 | 1.2 steps/s | 842.51 ms/step | ETA: 28.4 min
Step 4000/6000 | t=4.00e-01 | T=1172.2 | a=1.049301 | H=1.20e-01 | 1.2 steps/s | 844.58 ms/step | ETA: 28.2 min
Step 4020/6000 | t=4.02e-01 | T=1171.9 | a=1.049554 | H=1.20e-01 | 1.2 steps/s | 846.61 ms/step | ETA: 27.9 min
Step 4040/6000 | t=4.04e-01 | T=1171.7 | a=1.049806 | H=1.20e-01 | 1.2 steps/s | 848.31 ms/step | ETA: 27.7 min
Step 4060/6000 | t=4.06e-01 | T=1171.4 | a=1.050059 | H=1.20e-01 | 1.2 steps/s | 850.13 ms/step | ETA: 27.5 min
Step 4080/6000 | t=4.08e-01 | T=1171.1 | a=1.050312 | H=1.20e-01 | 1.2 steps/s | 851.95 ms/step | ETA: 27.3 min
Step 4100/6000 | t=4.10e-01 | T=1170.8 | a=1.050564 | H=1.20e-01 | 1.2 steps/s | 853.82 ms/step | ETA: 27.0 min
Step 4120/6000 | t=4.12e-01 | T=1170.5 | a=1.050817 | H=1.20e-01 | 1.2 steps/s | 855.68 ms/step | ETA: 26.8 min
Step 4140/6000 | t=4.14e-01 | T=1170.3 | a=1.051070 | H=1.20e-01 | 1.2 steps/s | 858.44 ms/step | ETA: 26.6 min
Step 4160/6000 | t=4.16e-01 | T=1170.0 | a=1.051323 | H=1.20e-01 | 1.2 steps/s | 860.45 ms/step | ETA: 26.4 min
Step 4180/6000 | t=4.18e-01 | T=1169.7 | a=1.051576 | H=1.20e-01 | 1.2 steps/s | 862.24 ms/step | ETA: 26.2 min
Step 4200/6000 | t=4.20e-01 | T=1169.4 | a=1.051829 | H=1.20e-01 | 1.2 steps/s | 863.88 ms/step | ETA: 25.9 min
Step 4220/6000 | t=4.22e-01 | T=1169.1 | a=1.052082 | H=1.20e-01 | 1.2 steps/s | 865.52 ms/step | ETA: 25.7 min
Step 4240/6000 | t=4.24e-01 | T=1168.8 | a=1.052335 | H=1.20e-01 | 1.2 steps/s | 867.20 ms/step | ETA: 25.4 min
Step 4260/6000 | t=4.26e-01 | T=1168.6 | a=1.052588 | H=1.20e-01 | 1.2 steps/s | 868.94 ms/step | ETA: 25.2 min
Step 4280/6000 | t=4.28e-01 | T=1168.3 | a=1.052841 | H=1.20e-01 | 1.1 steps/s | 870.61 ms/step | ETA: 25.0 min
Step 4300/6000 | t=4.30e-01 | T=1168.0 | a=1.053095 | H=1.20e-01 | 1.1 steps/s | 872.48 ms/step | ETA: 24.7 min
Step 4320/6000 | t=4.32e-01 | T=1167.7 | a=1.053348 | H=1.20e-01 | 1.1 steps/s | 874.08 ms/step | ETA: 24.5 min
Step 4340/6000 | t=4.34e-01 | T=1167.4 | a=1.053601 | H=1.20e-01 | 1.1 steps/s | 876.67 ms/step | ETA: 24.3 min
Step 4360/6000 | t=4.36e-01 | T=1167.2 | a=1.053855 | H=1.20e-01 | 1.1 steps/s | 878.20 ms/step | ETA: 24.0 min
Step 4380/6000 | t=4.38e-01 | T=1166.9 | a=1.054108 | H=1.20e-01 | 1.1 steps/s | 879.68 ms/step | ETA: 23.8 min
Step 4400/6000 | t=4.40e-01 | T=1166.6 | a=1.054362 | H=1.20e-01 | 1.1 steps/s | 881.19 ms/step | ETA: 23.5 min
Step 4420/6000 | t=4.42e-01 | T=1166.3 | a=1.054616 | H=1.20e-01 | 1.1 steps/s | 882.74 ms/step | ETA: 23.2 min
Step 4440/6000 | t=4.44e-01 | T=1166.0 | a=1.054869 | H=1.20e-01 | 1.1 steps/s | 884.18 ms/step | ETA: 23.0 min
Step 4460/6000 | t=4.46e-01 | T=1165.8 | a=1.055123 | H=1.20e-01 | 1.1 steps/s | 885.74 ms/step | ETA: 22.7 min
Step 4480/6000 | t=4.48e-01 | T=1165.5 | a=1.055377 | H=1.20e-01 | 1.1 steps/s | 887.25 ms/step | ETA: 22.5 min
Step 4500/6000 | t=4.50e-01 | T=1165.2 | a=1.055631 | H=1.20e-01 | 1.1 steps/s | 888.85 ms/step | ETA: 22.2 min
Step 4520/6000 | t=4.52e-01 | T=1164.9 | a=1.055885 | H=1.20e-01 | 1.1 steps/s | 890.38 ms/step | ETA: 22.0 min
Step 4540/6000 | t=4.54e-01 | T=1164.6 | a=1.056139 | H=1.20e-01 | 1.1 steps/s | 892.58 ms/step | ETA: 21.7 min
Step 4560/6000 | t=4.56e-01 | T=1164.4 | a=1.056393 | H=1.20e-01 | 1.1 steps/s | 894.00 ms/step | ETA: 21.5 min
Step 4580/6000 | t=4.58e-01 | T=1164.1 | a=1.056647 | H=1.20e-01 | 1.1 steps/s | 895.47 ms/step | ETA: 21.2 min
Step 4600/6000 | t=4.60e-01 | T=1163.8 | a=1.056902 | H=1.20e-01 | 1.1 steps/s | 896.93 ms/step | ETA: 20.9 min
Step 4620/6000 | t=4.62e-01 | T=1163.5 | a=1.057156 | H=1.20e-01 | 1.1 steps/s | 898.34 ms/step | ETA: 20.7 min
Step 4640/6000 | t=4.64e-01 | T=1163.2 | a=1.057410 | H=1.20e-01 | 1.1 steps/s | 899.78 ms/step | ETA: 20.4 min
Step 4660/6000 | t=4.66e-01 | T=1163.0 | a=1.057665 | H=1.20e-01 | 1.1 steps/s | 901.29 ms/step | ETA: 20.1 min
Step 4680/6000 | t=4.68e-01 | T=1162.7 | a=1.057919 | H=1.20e-01 | 1.1 steps/s | 902.78 ms/step | ETA: 19.9 min
Step 4700/6000 | t=4.70e-01 | T=1162.4 | a=1.058174 | H=1.20e-01 | 1.1 steps/s | 904.22 ms/step | ETA: 19.6 min
Step 4720/6000 | t=4.72e-01 | T=1162.1 | a=1.058428 | H=1.20e-01 | 1.1 steps/s | 905.58 ms/step | ETA: 19.3 min
Step 4740/6000 | t=4.74e-01 | T=1161.8 | a=1.058683 | H=1.20e-01 | 1.1 steps/s | 907.70 ms/step | ETA: 19.1 min
Step 4760/6000 | t=4.76e-01 | T=1161.6 | a=1.058937 | H=1.20e-01 | 1.1 steps/s | 909.05 ms/step | ETA: 18.8 min
Step 4780/6000 | t=4.78e-01 | T=1161.3 | a=1.059192 | H=1.20e-01 | 1.1 steps/s | 910.38 ms/step | ETA: 18.5 min
Step 4800/6000 | t=4.80e-01 | T=1161.0 | a=1.059447 | H=1.20e-01 | 1.1 steps/s | 911.81 ms/step | ETA: 18.2 min
Step 4820/6000 | t=4.82e-01 | T=1160.7 | a=1.059702 | H=1.20e-01 | 1.1 steps/s | 913.08 ms/step | ETA: 18.0 min
Step 4840/6000 | t=4.84e-01 | T=1160.4 | a=1.059957 | H=1.20e-01 | 1.1 steps/s | 914.14 ms/step | ETA: 17.7 min
Step 4860/6000 | t=4.86e-01 | T=1160.2 | a=1.060212 | H=1.20e-01 | 1.1 steps/s | 915.17 ms/step | ETA: 17.4 min
Step 4880/6000 | t=4.88e-01 | T=1159.9 | a=1.060467 | H=1.20e-01 | 1.1 steps/s | 916.52 ms/step | ETA: 17.1 min
Step 4900/6000 | t=4.90e-01 | T=1159.6 | a=1.060722 | H=1.20e-01 | 1.1 steps/s | 917.61 ms/step | ETA: 16.8 min
Step 4920/6000 | t=4.92e-01 | T=1159.3 | a=1.060977 | H=1.20e-01 | 1.1 steps/s | 918.86 ms/step | ETA: 16.5 min
Step 4940/6000 | t=4.94e-01 | T=1159.0 | a=1.061233 | H=1.20e-01 | 1.1 steps/s | 921.06 ms/step | ETA: 16.3 min
Step 4960/6000 | t=4.96e-01 | T=1158.8 | a=1.061488 | H=1.20e-01 | 1.1 steps/s | 922.01 ms/step | ETA: 16.0 min
Step 4980/6000 | t=4.98e-01 | T=1158.5 | a=1.061743 | H=1.20e-01 | 1.1 steps/s | 923.16 ms/step | ETA: 15.7 min
Step 5000/6000 | t=5.00e-01 | T=1158.2 | a=1.061999 | H=1.20e-01 | 1.1 steps/s | 924.47 ms/step | ETA: 15.4 min
Step 5020/6000 | t=5.02e-01 | T=1157.9 | a=1.062254 | H=1.20e-01 | 1.1 steps/s | 925.89 ms/step | ETA: 15.1 min
Step 5040/6000 | t=5.04e-01 | T=1157.7 | a=1.062510 | H=1.20e-01 | 1.1 steps/s | 927.00 ms/step | ETA: 14.8 min
Step 5060/6000 | t=5.06e-01 | T=1157.4 | a=1.062766 | H=1.20e-01 | 1.1 steps/s | 928.59 ms/step | ETA: 14.5 min
Step 5080/6000 | t=5.08e-01 | T=1157.1 | a=1.063021 | H=1.20e-01 | 1.1 steps/s | 929.81 ms/step | ETA: 14.3 min
Step 5100/6000 | t=5.10e-01 | T=1156.8 | a=1.063277 | H=1.20e-01 | 1.1 steps/s | 930.93 ms/step | ETA: 14.0 min
Step 5120/6000 | t=5.12e-01 | T=1156.5 | a=1.063533 | H=1.20e-01 | 1.1 steps/s | 932.24 ms/step | ETA: 13.7 min
Step 5140/6000 | t=5.14e-01 | T=1156.3 | a=1.063789 | H=1.20e-01 | 1.1 steps/s | 934.14 ms/step | ETA: 13.4 min
Step 5160/6000 | t=5.16e-01 | T=1156.0 | a=1.064045 | H=1.20e-01 | 1.1 steps/s | 935.35 ms/step | ETA: 13.1 min
Step 5180/6000 | t=5.18e-01 | T=1155.7 | a=1.064301 | H=1.20e-01 | 1.1 steps/s | 936.48 ms/step | ETA: 12.8 min
Step 5200/6000 | t=5.20e-01 | T=1155.4 | a=1.064557 | H=1.20e-01 | 1.1 steps/s | 937.68 ms/step | ETA: 12.5 min
Step 5220/6000 | t=5.22e-01 | T=1155.1 | a=1.064813 | H=1.20e-01 | 1.1 steps/s | 938.88 ms/step | ETA: 12.2 min
Step 5240/6000 | t=5.24e-01 | T=1154.9 | a=1.065069 | H=1.20e-01 | 1.1 steps/s | 940.07 ms/step | ETA: 11.9 min
Step 5260/6000 | t=5.26e-01 | T=1154.6 | a=1.065325 | H=1.20e-01 | 1.1 steps/s | 941.27 ms/step | ETA: 11.6 min
Step 5280/6000 | t=5.28e-01 | T=1154.3 | a=1.065582 | H=1.20e-01 | 1.1 steps/s | 942.38 ms/step | ETA: 11.3 min
Step 5300/6000 | t=5.30e-01 | T=1154.0 | a=1.065838 | H=1.20e-01 | 1.1 steps/s | 943.49 ms/step | ETA: 11.0 min
Step 5320/6000 | t=5.32e-01 | T=1153.8 | a=1.066094 | H=1.20e-01 | 1.1 steps/s | 944.83 ms/step | ETA: 10.7 min
Step 5340/6000 | t=5.34e-01 | T=1153.5 | a=1.066351 | H=1.20e-01 | 1.1 steps/s | 946.60 ms/step | ETA: 10.4 min
Step 5360/6000 | t=5.36e-01 | T=1153.2 | a=1.066607 | H=1.20e-01 | 1.1 steps/s | 947.63 ms/step | ETA: 10.1 min
Step 5380/6000 | t=5.38e-01 | T=1152.9 | a=1.066864 | H=1.20e-01 | 1.1 steps/s | 948.66 ms/step | ETA: 9.8 min
Step 5400/6000 | t=5.40e-01 | T=1152.6 | a=1.067121 | H=1.20e-01 | 1.1 steps/s | 949.89 ms/step | ETA: 9.5 min
Step 5420/6000 | t=5.42e-01 | T=1152.4 | a=1.067377 | H=1.20e-01 | 1.1 steps/s | 950.84 ms/step | ETA: 9.2 min
Step 5440/6000 | t=5.44e-01 | T=1152.1 | a=1.067634 | H=1.20e-01 | 1.1 steps/s | 951.82 ms/step | ETA: 8.9 min
Step 5460/6000 | t=5.46e-01 | T=1151.8 | a=1.067891 | H=1.20e-01 | 1.0 steps/s | 952.76 ms/step | ETA: 8.6 min
Step 5480/6000 | t=5.48e-01 | T=1151.5 | a=1.068148 | H=1.20e-01 | 1.0 steps/s | 953.65 ms/step | ETA: 8.3 min
Step 5500/6000 | t=5.50e-01 | T=1151.3 | a=1.068405 | H=1.20e-01 | 1.0 steps/s | 954.36 ms/step | ETA: 8.0 min
Step 5520/6000 | t=5.52e-01 | T=1151.0 | a=1.068662 | H=1.20e-01 | 1.0 steps/s | 955.44 ms/step | ETA: 7.6 min
Step 5540/6000 | t=5.54e-01 | T=1150.7 | a=1.068919 | H=1.20e-01 | 1.0 steps/s | 957.34 ms/step | ETA: 7.3 min
Step 5560/6000 | t=5.56e-01 | T=1150.4 | a=1.069176 | H=1.20e-01 | 1.0 steps/s | 958.24 ms/step | ETA: 7.0 min
Step 5580/6000 | t=5.58e-01 | T=1150.2 | a=1.069434 | H=1.20e-01 | 1.0 steps/s | 959.18 ms/step | ETA: 6.7 min
Step 5600/6000 | t=5.60e-01 | T=1149.9 | a=1.069691 | H=1.20e-01 | 1.0 steps/s | 960.05 ms/step | ETA: 6.4 min
Step 5620/6000 | t=5.62e-01 | T=1149.6 | a=1.069948 | H=1.20e-01 | 1.0 steps/s | 961.01 ms/step | ETA: 6.1 min
Step 5640/6000 | t=5.64e-01 | T=1149.3 | a=1.070206 | H=1.20e-01 | 1.0 steps/s | 962.00 ms/step | ETA: 5.8 min
Step 5660/6000 | t=5.66e-01 | T=1149.0 | a=1.070463 | H=1.20e-01 | 1.0 steps/s | 962.90 ms/step | ETA: 5.5 min
Step 5680/6000 | t=5.68e-01 | T=1148.8 | a=1.070721 | H=1.20e-01 | 1.0 steps/s | 963.78 ms/step | ETA: 5.1 min
Step 5700/6000 | t=5.70e-01 | T=1148.5 | a=1.070978 | H=1.20e-01 | 1.0 steps/s | 964.71 ms/step | ETA: 4.8 min
Step 5720/6000 | t=5.72e-01 | T=1148.2 | a=1.071236 | H=1.20e-01 | 1.0 steps/s | 965.58 ms/step | ETA: 4.5 min
Step 5740/6000 | t=5.74e-01 | T=1147.9 | a=1.071494 | H=1.20e-01 | 1.0 steps/s | 967.07 ms/step | ETA: 4.2 min
Step 5760/6000 | t=5.76e-01 | T=1147.7 | a=1.071751 | H=1.20e-01 | 1.0 steps/s | 967.97 ms/step | ETA: 3.9 min
Step 5780/6000 | t=5.78e-01 | T=1147.4 | a=1.072009 | H=1.20e-01 | 1.0 steps/s | 968.81 ms/step | ETA: 3.6 min
Step 5800/6000 | t=5.80e-01 | T=1147.1 | a=1.072267 | H=1.20e-01 | 1.0 steps/s | 969.59 ms/step | ETA: 3.2 min
Step 5820/6000 | t=5.82e-01 | T=1146.8 | a=1.072525 | H=1.20e-01 | 1.0 steps/s | 970.51 ms/step | ETA: 2.9 min
Step 5840/6000 | t=5.84e-01 | T=1146.6 | a=1.072783 | H=1.20e-01 | 1.0 steps/s | 971.48 ms/step | ETA: 2.6 min
Step 5860/6000 | t=5.86e-01 | T=1146.3 | a=1.073041 | H=1.20e-01 | 1.0 steps/s | 972.25 ms/step | ETA: 2.3 min
Step 5880/6000 | t=5.88e-01 | T=1146.0 | a=1.073300 | H=1.20e-01 | 1.0 steps/s | 973.06 ms/step | ETA: 1.9 min
Step 5900/6000 | t=5.90e-01 | T=1145.7 | a=1.073558 | H=1.20e-01 | 1.0 steps/s | 974.06 ms/step | ETA: 1.6 min
Step 5920/6000 | t=5.92e-01 | T=1145.5 | a=1.073816 | H=1.20e-01 | 1.0 steps/s | 974.86 ms/step | ETA: 1.3 min
Step 5940/6000 | t=5.94e-01 | T=1145.2 | a=1.074074 | H=1.20e-01 | 1.0 steps/s | 976.14 ms/step | ETA: 1.0 min
Step 5960/6000 | t=5.96e-01 | T=1144.9 | a=1.074333 | H=1.20e-01 | 1.0 steps/s | 977.43 ms/step | ETA: 0.7 min
Step 5980/6000 | t=5.98e-01 | T=1144.6 | a=1.074591 | H=1.20e-01 | 1.0 steps/s | 978.25 ms/step | ETA: 0.3 min

============================================================
SIMULATION FINISHED!
============================================================

Timing:
  Total time: 98.00 minutes (5879.8 seconds)
  Average: 1.0 steps/second
  Time per step: 979.970 ms

Simulation Parameters:
  Grid: 256×256×256
  Total steps: 6,000
  Initial temperature: 1230.0
  Cooling rate: 0.001
  dx_phys: 0.001
  dt_phys: 0.0001

Optimizations Used:
  Single-pass fused RK2: True
  Fused RK2: False
  Vprime table: False (size=16384)
  In-kernel RNG: True
  Field precision: float32
  Spline resolution (N_Y): 256
  Numba threads: 11

Output:
  Snapshots saved: data/lattice/set8/256x256x256_T0_1230_complex_dx_0.001_dtphys_0.0001_interval_4000_3D_hubble_eta_1230_gb_1.09_gf_1.09_nb_20_nf_20_rk2_fused_inline_V_correct
  Snapshot interval: every 4000 steps
  Total snapshots: 1

Completed: 2026-07-09 20:14:23

Metadata saved to: data/lattice/set8/256x256x256_T0_1230_complex_dx_0.001_dtphys_0.0001_interval_4000_3D_hubble_eta_1230_gb_1.09_gf_1.09_nb_20_nf_20_rk2_fused_inline_V_correct/simulation_metadata.npz
Field states saved to: data/lattice/set8/256x256x256_T0_1230_complex_dx_0.001_dtphys_0.0001_interval_4000_3D_hubble_eta_1230_gb_1.09_gf_1.09_nb_20_nf_20_rk2_fused_inline_V_correct/field_states/
Use postprocess/revisualize_snapshots.py to replot with different settings
============================================================
